To honour the JVM settings for this build a single-use Daemon process will be forked. For more on this, please refer to https://docs.gradle.org/8.5/userguide/gradle_daemon.html#sec:disabling_the_daemon in the Gradle documentation.
Daemon will be stopped at the end of the build 
Calculating task graph as no cached configuration is available for tasks: assembleDebug
Checking the license for package Android SDK Platform 34 in /storage/emulated/0/AndroGame/android-sdk/licenses
License for package Android SDK Platform 34 accepted.
Preparing "Install Android SDK Platform 34 (revision 3)".
"Install Android SDK Platform 34 (revision 3)" ready.
Installing Android SDK Platform 34 in /storage/emulated/0/AndroGame/android-sdk/platforms/android-34
"Install Android SDK Platform 34 (revision 3)" complete.
"Install Android SDK Platform 34 (revision 3)" finished.
Checking the license for package Android SDK Platform-Tools in /storage/emulated/0/AndroGame/android-sdk/licenses
License for package Android SDK Platform-Tools accepted.
Preparing "Install Android SDK Platform-Tools v.37.0.0".
"Install Android SDK Platform-Tools v.37.0.0" ready.
Installing Android SDK Platform-Tools in /storage/emulated/0/AndroGame/android-sdk/platform-tools
"Install Android SDK Platform-Tools v.37.0.0" complete.
"Install Android SDK Platform-Tools v.37.0.0" finished.
> Task :app:preBuild UP-TO-DATE
> Task :app:preDebugBuild UP-TO-DATE
> Task :app:checkKotlinGradlePluginConfigurationErrors
> Task :app:mergeDebugNativeDebugMetadata NO-SOURCE
> Task :app:generateDebugResValues
> Task :app:desugarDebugFileDependencies
> Task :app:generateDebugResources
> Task :app:createDebugCompatibleScreenManifests
> Task :app:generateDebugBuildConfig
> Task :app:extractDeepLinksDebug
> Task :app:packageDebugResources
> Task :app:parseDebugLocalResources
> Task :app:mergeDebugShaders
> Task :app:compileDebugShaders NO-SOURCE
> Task :app:generateDebugAssets UP-TO-DATE
> Task :app:javaPreCompileDebug
> Task :app:mergeDebugJniLibFolders
> Task :app:validateSigningDebug
> Task :app:writeDebugAppMetadata
> Task :app:mapDebugSourceSetPaths
> Task :app:writeDebugSigningConfigVersions
> Task :app:mergeDebugNativeLibs NO-SOURCE
> Task :app:stripDebugDebugSymbols NO-SOURCE
> Task :app:checkDebugAarMetadata
> Task :app:checkDebugDuplicateClasses
> Task :app:mergeDebugAssets
> Task :app:processDebugMainManifest
> Task :app:processDebugManifest
